[Mon Jul 26 19:46:54.111725 2021] [ssl:info] [pid 66:tid 140519129572480] AH01914: Configuring server sp-example.rnp.br:443 for SSL protocol
[Mon Jul 26 19:46:54.113394 2021] [ssl:warn] [pid 66:tid 140519129572480] AH01906: sp-example.rnp.br:443:0 server certificate is a CA certificate (BasicConstraints: CA == TRUE !?)
[Mon Jul 26 19:46:54.113462 2021] [ssl:info] [pid 66:tid 140519129572480] AH02568: Certificate and private key sp-example.rnp.br:443:0 configured from /etc/ssl/certs/self-signed.crt and /etc/ssl/certs/self-signed.key
[Mon Jul 26 19:46:54.149981 2021] [ssl:info] [pid 66:tid 140519129572480] AH01914: Configuring server sp-example.rnp.br:443 for SSL protocol
[Mon Jul 26 19:46:54.151131 2021] [ssl:warn] [pid 66:tid 140519129572480] AH01906: sp-example.rnp.br:443:0 server certificate is a CA certificate (BasicConstraints: CA == TRUE !?)
[Mon Jul 26 19:46:54.151217 2021] [ssl:info] [pid 66:tid 140519129572480] AH02568: Certificate and private key sp-example.rnp.br:443:0 configured from /etc/ssl/certs/self-signed.crt and /etc/ssl/certs/self-signed.key
[Mon Jul 26 19:46:54.163637 2021] [mpm_event:notice] [pid 66:tid 140519129572480] AH00489: Apache/2.4.38 (Debian) OpenSSL/1.1.1d configured -- resuming normal operations
[Mon Jul 26 19:46:54.163710 2021] [core:notice] [pid 66:tid 140519129572480] AH00094: Command line: '/usr/sbin/apache2 -D FOREGROUND'
[Mon Jul 26 19:47:31.738544 2021] [ssl:info] [pid 68:tid 140518780565248] [client 138.121.71.42:56346] AH01964: Connection to child 70 established (server sp-example.rnp.br:443)
[Mon Jul 26 19:48:02.246618 2021] [ssl:info] [pid 67:tid 140518939928320] [client 191.191.54.131:48426] AH01964: Connection to child 4 established (server sp-example.rnp.br:443)
[Mon Jul 26 19:48:02.302636 2021] [ssl:info] [pid 67:tid 140518939928320] [client 191.191.54.131:48426] AH02008: SSL library error 1 in handshake (server sp-example.rnp.br:443)
[Mon Jul 26 19:48:02.302748 2021] [ssl:info] [pid 67:tid 140518939928320] SSL Library Error: error:14094412:SSL routines:ssl3_read_bytes:sslv3 alert bad certificate (SSL alert number 42)
[Mon Jul 26 19:48:02.302784 2021] [ssl:info] [pid 67:tid 140518939928320] [client 191.191.54.131:48426] AH01998: Connection closed to child 4 with abortive shutdown (server sp-example.rnp.br:443)
[Mon Jul 26 19:48:05.567456 2021] [ssl:info] [pid 68:tid 140518730209024] [client 191.191.54.131:48434] AH01964: Connection to child 76 established (server sp-example.rnp.br:443)
[Mon Jul 26 19:48:05.711630 2021] [core:info] [pid 68:tid 140518721816320] [client 191.191.54.131:48434] AH00128: File does not exist: /var/www/html/favicon.ico, referer: https://dev.cafeexpresso.rnp.br/Shibboleth.sso/Session
[Mon Jul 26 19:48:31.198361 2021] [ssl:info] [pid 67:tid 140518512129792] [client 138.121.71.42:56582] AH01964: Connection to child 6 established (server sp-example.rnp.br:443)
[Mon Jul 26 19:49:31.278688 2021] [ssl:info] [pid 67:tid 140518486951680] [client 138.121.71.42:56818] AH01964: Connection to child 9 established (server sp-example.rnp.br:443)
[Mon Jul 26 19:50:31.419217 2021] [ssl:info] [pid 68:tid 140518637889280] [client 138.121.71.42:57056] AH01964: Connection to child 87 established (server sp-example.rnp.br:443)
[Mon Jul 26 19:51:31.139578 2021] [ssl:info] [pid 67:tid 140518369519360] [client 138.121.71.42:57292] AH01964: Connection to child 14 established (server sp-example.rnp.br:443)
[Mon Jul 26 19:52:31.896067 2021] [ssl:info] [pid 67:tid 140518344341248] [client 138.121.71.42:57522] AH01964: Connection to child 17 established (server sp-example.rnp.br:443)
[Mon Jul 26 19:53:31.137758 2021] [ssl:info] [pid 68:tid 140518696638208] [client 138.121.71.42:57764] AH01964: Connection to child 80 established (server sp-example.rnp.br:443)
[Mon Jul 26 19:54:31.252708 2021] [ssl:info] [pid 67:tid 140517815863040] [client 138.121.71.42:57996] AH01964: Connection to child 23 established (server sp-example.rnp.br:443)
[Mon Jul 26 19:55:31.158781 2021] [ssl:info] [pid 68:tid 140518939928320] [client 138.121.71.42:58236] AH01964: Connection to child 68 established (server sp-example.rnp.br:443)
[Mon Jul 26 19:56:31.685082 2021] [ssl:info] [pid 68:tid 140518956713728] [client 138.121.71.42:58478] AH01964: Connection to child 66 established (server sp-example.rnp.br:443)
[Mon Jul 26 19:57:31.889118 2021] [ssl:info] [pid 67:tid 140518956713728] [client 138.121.71.42:58716] AH01964: Connection to child 2 established (server sp-example.rnp.br:443)
[Mon Jul 26 19:58:31.105124 2021] [ssl:info] [pid 68:tid 140518763779840] [client 138.121.71.42:58958] AH01964: Connection to child 72 established (server sp-example.rnp.br:443)
[Mon Jul 26 19:59:31.236599 2021] [ssl:info] [pid 68:tid 140518738601728] [client 138.121.71.42:59190] AH01964: Connection to child 75 established (server sp-example.rnp.br:443)
[Mon Jul 26 20:00:31.121644 2021] [ssl:info] [pid 67:tid 140518512129792] [client 138.121.71.42:59432] AH01964: Connection to child 6 established (server sp-example.rnp.br:443)
[Mon Jul 26 20:01:31.481919 2021] [ssl:info] [pid 67:tid 140518486951680] [client 138.121.71.42:59672] AH01964: Connection to child 9 established (server sp-example.rnp.br:443)
[Mon Jul 26 20:02:31.256203 2021] [ssl:info] [pid 67:tid 140518461773568] [client 138.121.71.42:59906] AH01964: Connection to child 12 established (server sp-example.rnp.br:443)
[Mon Jul 26 20:03:31.253322 2021] [ssl:info] [pid 67:tid 140518361126656] [client 138.121.71.42:60146] AH01964: Connection to child 15 established (server sp-example.rnp.br:443)
[Mon Jul 26 20:04:31.561237 2021] [ssl:info] [pid 67:tid 140518335948544] [client 138.121.71.42:60380] AH01964: Connection to child 18 established (server sp-example.rnp.br:443)
[Mon Jul 26 20:05:31.250673 2021] [ssl:info] [pid 67:tid 140517815863040] [client 138.121.71.42:60620] AH01964: Connection to child 23 established (server sp-example.rnp.br:443)
[Mon Jul 26 20:06:31.818561 2021] [ssl:info] [pid 67:tid 140518973499136] [client 138.121.71.42:60862] AH01964: Connection to child 0 established (server sp-example.rnp.br:443)
[Mon Jul 26 20:07:31.462384 2021] [ssl:info] [pid 68:tid 140518629496576] [client 138.121.71.42:32872] AH01964: Connection to child 88 established (server sp-example.rnp.br:443)
[Mon Jul 26 20:08:31.182904 2021] [ssl:info] [pid 68:tid 140518696638208] [client 138.121.71.42:33104] AH01964: Connection to child 80 established (server sp-example.rnp.br:443)
[Mon Jul 26 20:09:31.178676 2021] [ssl:info] [pid 67:tid 140518931535616] [client 138.121.71.42:33348] AH01964: Connection to child 5 established (server sp-example.rnp.br:443)
[Mon Jul 26 20:10:31.716285 2021] [ssl:info] [pid 67:tid 140518486951680] [client 138.121.71.42:33574] AH01964: Connection to child 9 established (server sp-example.rnp.br:443)
[Mon Jul 26 20:11:31.246281 2021] [ssl:info] [pid 67:tid 140518461773568] [client 138.121.71.42:33818] AH01964: Connection to child 12 established (server sp-example.rnp.br:443)
[Mon Jul 26 20:12:31.213274 2021] [ssl:info] [pid 68:tid 140518956713728] [client 138.121.71.42:34052] AH01964: Connection to child 66 established (server sp-example.rnp.br:443)
[Mon Jul 26 20:12:33.352448 2021] [ssl:info] [pid 67:tid 140518361126656] [client 192.241.221.224:33110] AH01964: Connection to child 15 established (server sp-example.rnp.br:443)
[Mon Jul 26 20:12:34.348162 2021] [core:info] [pid 67:tid 140518361126656] [client 192.241.221.224:33110] AH00128: File does not exist: /var/www/html/ecp/Current/exporttool/microsoft.exchange.ediscovery.exporttool.application
[Mon Jul 26 20:13:31.465750 2021] [ssl:info] [pid 67:tid 140518327555840] [client 138.121.71.42:34290] AH01964: Connection to child 19 established (server sp-example.rnp.br:443)
[Mon Jul 26 20:14:31.584622 2021] [ssl:info] [pid 67:tid 140517807470336] [client 138.121.71.42:34522] AH01964: Connection to child 24 established (server sp-example.rnp.br:443)
[Mon Jul 26 20:15:31.540233 2021] [ssl:info] [pid 68:tid 140518780565248] [client 138.121.71.42:34776] AH01964: Connection to child 70 established (server sp-example.rnp.br:443)
[Mon Jul 26 20:16:31.345405 2021] [ssl:info] [pid 68:tid 140518746994432] [client 138.121.71.42:35030] AH01964: Connection to child 74 established (server sp-example.rnp.br:443)
[Mon Jul 26 20:17:31.263479 2021] [ssl:info] [pid 67:tid 140518956713728] [client 138.121.71.42:35274] AH01964: Connection to child 2 established (server sp-example.rnp.br:443)
[Mon Jul 26 20:18:31.630641 2021] [ssl:info] [pid 68:tid 140518671460096] [client 138.121.71.42:35512] AH01964: Connection to child 83 established (server sp-example.rnp.br:443)
[Mon Jul 26 20:19:31.296255 2021] [ssl:info] [pid 67:tid 140518931535616] [client 138.121.71.42:35750] AH01964: Connection to child 5 established (server sp-example.rnp.br:443)
[Mon Jul 26 20:20:31.093145 2021] [ssl:info] [pid 67:tid 140518486951680] [client 138.121.71.42:35982] AH01964: Connection to child 9 established (server sp-example.rnp.br:443)
[Mon Jul 26 20:21:31.701687 2021] [ssl:info] [pid 67:tid 140518377912064] [client 138.121.71.42:36224] AH01964: Connection to child 13 established (server sp-example.rnp.br:443)
[Mon Jul 26 20:22:31.214772 2021] [ssl:info] [pid 67:tid 140518344341248] [client 138.121.71.42:36458] AH01964: Connection to child 17 established (server sp-example.rnp.br:443)
[Mon Jul 26 20:23:31.237633 2021] [ssl:info] [pid 68:tid 140518637889280] [client 138.121.71.42:36698] AH01964: Connection to child 87 established (server sp-example.rnp.br:443)
[Mon Jul 26 20:24:31.567859 2021] [ssl:info] [pid 67:tid 140517815863040] [client 138.121.71.42:36932] AH01964: Connection to child 23 established (server sp-example.rnp.br:443)
[Mon Jul 26 20:25:31.525469 2021] [ssl:info] [pid 68:tid 140518696638208] [client 138.121.71.42:37178] AH01964: Connection to child 80 established (server sp-example.rnp.br:443)
[Mon Jul 26 20:26:31.236404 2021] [ssl:info] [pid 67:tid 140518965106432] [client 138.121.71.42:37410] AH01964: Connection to child 1 established (server sp-example.rnp.br:443)
[Mon Jul 26 20:27:31.165945 2021] [ssl:info] [pid 68:tid 140518948321024] [client 138.121.71.42:37646] AH01964: Connection to child 67 established (server sp-example.rnp.br:443)
[Mon Jul 26 20:28:31.403735 2021] [ssl:info] [pid 67:tid 140518931535616] [client 138.121.71.42:37884] AH01964: Connection to child 5 established (server sp-example.rnp.br:443)
[Mon Jul 26 20:29:31.254465 2021] [ssl:info] [pid 67:tid 140518486951680] [client 138.121.71.42:38122] AH01964: Connection to child 9 established (server sp-example.rnp.br:443)
[Mon Jul 26 20:30:31.181786 2021] [ssl:info] [pid 68:tid 140518965106432] [client 138.121.71.42:38356] AH01964: Connection to child 65 established (server sp-example.rnp.br:443)
[Mon Jul 26 20:31:31.169164 2021] [ssl:info] [pid 67:tid 140518377912064] [client 138.121.71.42:38600] AH01964: Connection to child 13 established (server sp-example.rnp.br:443)
[Mon Jul 26 20:32:31.333866 2021] [ssl:info] [pid 67:tid 140518352733952] [client 138.121.71.42:38824] AH01964: Connection to child 16 established (server sp-example.rnp.br:443)
[Mon Jul 26 20:33:31.288151 2021] [ssl:info] [pid 68:tid 140518730209024] [client 138.121.71.42:39064] AH01964: Connection to child 76 established (server sp-example.rnp.br:443)
[Mon Jul 26 20:34:31.188035 2021] [ssl:info] [pid 67:tid 140517832648448] [client 138.121.71.42:39302] AH01964: Connection to child 21 established (server sp-example.rnp.br:443)
[Mon Jul 26 20:35:31.111824 2021] [ssl:info] [pid 67:tid 140517824255744] [client 138.121.71.42:39542] AH01964: Connection to child 22 established (server sp-example.rnp.br:443)
[Mon Jul 26 20:36:31.192302 2021] [ssl:info] [pid 68:tid 140518663067392] [client 138.121.71.42:39776] AH01964: Connection to child 84 established (server sp-example.rnp.br:443)
[Mon Jul 26 20:37:31.819344 2021] [ssl:info] [pid 67:tid 140518939928320] [client 138.121.71.42:40016] AH01964: Connection to child 4 established (server sp-example.rnp.br:443)
[Mon Jul 26 20:38:31.639970 2021] [ssl:info] [pid 67:tid 140518503737088] [client 138.121.71.42:40256] AH01964: Connection to child 7 established (server sp-example.rnp.br:443)
[Mon Jul 26 20:39:31.597180 2021] [ssl:info] [pid 68:tid 140518629496576] [client 138.121.71.42:40492] AH01964: Connection to child 88 established (server sp-example.rnp.br:443)
[Mon Jul 26 20:40:31.440134 2021] [ssl:info] [pid 67:tid 140518470166272] [client 138.121.71.42:40734] AH01964: Connection to child 11 established (server sp-example.rnp.br:443)
[Mon Jul 26 20:41:31.520883 2021] [ssl:info] [pid 67:tid 140518361126656] [client 138.121.71.42:40974] AH01964: Connection to child 15 established (server sp-example.rnp.br:443)
[Mon Jul 26 20:42:31.666153 2021] [ssl:info] [pid 67:tid 140518335948544] [client 138.121.71.42:41218] AH01964: Connection to child 18 established (server sp-example.rnp.br:443)
[Mon Jul 26 20:43:31.253677 2021] [ssl:info] [pid 68:tid 140518931535616] [client 138.121.71.42:41454] AH01964: Connection to child 69 established (server sp-example.rnp.br:443)
[Mon Jul 26 20:44:31.561625 2021] [ssl:info] [pid 68:tid 140518973499136] [client 138.121.71.42:41692] AH01964: Connection to child 64 established (server sp-example.rnp.br:443)
[Mon Jul 26 20:45:31.388193 2021] [ssl:info] [pid 67:tid 140517824255744] [client 138.121.71.42:41930] AH01964: Connection to child 22 established (server sp-example.rnp.br:443)
